// Jest Snapshot v1, https://goo.gl/fbAQLP

exports[`Testing the scoring algorithms Should render correctly with no props 1`] = `
<div>
  <h1 />
  <Keypad
    actions={
      Object {
        "select": [Function],
      }
    }
  />
  <Frames
    currentFrame={1}
    frames={
      Object {
        "scores": Array [
          Object {
            "frame": 1,
            "score": Object {
              "one": 0,
              "total": 0,
              "two": 0,
            },
          },
          Object {
            "frame": 2,
            "score": Object {
              "one": 0,
              "total": 0,
              "two": 0,
            },
          },
          Object {
            "frame": 3,
            "score": Object {
              "one": 0,
              "total": 0,
              "two": 0,
            },
          },
          Object {
            "frame": 4,
            "score": Object {
              "one": 0,
              "total": 0,
              "two": 0,
            },
          },
          Object {
            "frame": 5,
            "score": Object {
              "one": 0,
              "total": 0,
              "two": 0,
            },
          },
          Object {
            "frame": 6,
            "score": Object {
              "one": 0,
              "total": 0,
              "two": 0,
            },
          },
          Object {
            "frame": 7,
            "score": Object {
              "one": 0,
              "total": 0,
              "two": 0,
            },
          },
          Object {
            "frame": 8,
            "score": Object {
              "one": 0,
              "total": 0,
              "two": 0,
            },
          },
          Object {
            "frame": 9,
            "score": Object {
              "one": 0,
              "total": 0,
              "two": 0,
            },
          },
          Object {
            "frame": 10,
            "score": Object {
              "one": 0,
              "three": 0,
              "total": 0,
              "two": 0,
            },
          },
          Object {
            "frame": 11,
            "score": Object {
              "one": 0,
              "total": 0,
              "two": 0,
            },
          },
          Object {
            "frame": 12,
            "score": Object {
              "one": 0,
              "total": 0,
              "two": 0,
            },
          },
        ],
      }
    }
    total={0}
  />
</div>
`;
